// Jest Snapshot v1, https://goo.gl/fbAQLP

exports[`Tests in <Header /> must match the snapshot 1`] = `
<div>
  <header
    class="p-2 border-b md:mb-2"
  >
    <h1
      class="font-medium text-sky-800 hover:underline cursor-pointer"
      data-testid="title"
    >
      PodCaster
    </h1>
  </header>
</div>
`;
