// Jest Snapshot v1, https://goo.gl/fbAQLP

exports[`Tests in <Badge /> must match the snapshot 1`] = `
<div>
  <div
    class="px-1 rounded-lg self-center undefined"
    data-testid="badge"
  >
    5
  </div>
</div>
`;
