// Jest Snapshot v1, https://goo.gl/fbAQLP

exports[`Tests in <Spinner /> must match the snapshot 1`] = `
<div>
  <div
    class="absolute top-2 right-2"
    data-testid="spinner"
  >
    <img
      alt="Loading..."
      class="h-6 w-6"
      src="/spinner.gif"
    />
  </div>
</div>
`;
