// Jest Snapshot v1, https://goo.gl/fbAQLP

exports[`Tests in <PodcastCard /> must match the snapshot 1`] = `
<div>
  <div
    class="w-1/2 md:w-1/4"
    data-testid="podcast-card"
  >
    <div
      class="border text-center h-24 mx-4 my-16 shadow-md cursor-pointer"
      data-testid="podcast-card-box"
    >
      <div
        class="flex flex-col -translate-y-8 items-center"
      >
        <img
          alt="Title"
          class="w-16 h-16 rounded-full"
          data-testid="podcast-card-image"
          src="http://www.google.com"
        />
        <h1
          class="uppercase font-semibold truncate max-w-full text-sm px-2"
          data-testid="podcast-card-title"
          title="Title"
        >
          Title
        </h1>
        <h2
          class="text-gray-400 font-semibold truncate max-w-full text-xs px-2"
          data-testid="podcast-card-author"
          title="Author"
        >
          Author: Author
        </h2>
      </div>
    </div>
  </div>
</div>
`;
